[36m========================================[0m
[36m  椋炶璁″垝姘旇薄绠€鎶ユā鍧?- 瀹屾暣闂幆娴嬭瘯[0m
[36m========================================[0m

[33m銆愭楠?1銆戝垱寤鸿埅绾?[0m
[90m------------------------[0m
node : [31m娴嬭瘯澶辫触:[0m Cannot read properties of undefined (reading 'id')
所在位置 行:1 字符: 5
+ & { node test_briefing.js > test_output.txt 2>&1 ; Get-Content test_o ...
+     ~~~~~~~~~~~~~~~~~~~~~~~~~~~~~~~~~~~~~~~~~~~~
    + CategoryInfo          : NotSpecified: ([31m娴嬭瘯澶辫触:[0... (reading 'id'):String) [], Remote 
   Exception
    + FullyQualifiedErrorId : NativeCommandError
 
TypeError: Cannot read properties of undefined (reading 'id')
    at runTests (E:\solo\椤圭洰\lym-00001\test_briefing.js:70:29)
    at process.processTicksAndRejections (node:internal/process/task_queues:95:5)
